---
source: resym_core/tests/module_diffing.rs
expression: module_diff.data
---
 //
 // Showing differences between two PDB files:
 //
 // Reference PDB file: tests/data/test_diff_from.pdb
 // Image architecture: Amd64
 //
 // New PDB file: tests/data/test_diff_to.pdb
 // Image architecture: Amd64
 //
 // Information extracted with resym v0.4.0
 //
 
 using namespace std;
 int32_t (* pre_c_initializer)();
 int32_t (* post_pgo_initializer)();
 void (* pre_cpp_initializer)();
 using PUWSTR_C = const wchar_t*;
 using TP_CALLBACK_ENVIRON_V3 = _TP_CALLBACK_ENVIRON_V3;
 int32_t (__scrt_common_main)(); // CodeSize=19
 int32_t (__scrt_common_main_seh)(); // CodeSize=414
 void `__scrt_common_main_seh'::`1'::filt$0(); // CodeSize=48 (missing type information)
 int32_t (__scrt_narrow_argv_policy::__scrt_narrow_argv_policy::configure_argv)(); // CodeSize=21
 int32_t (__scrt_narrow_environment_policy::__scrt_narrow_environment_policy::initialize_environment)(); // CodeSize=14
 int32_t (invoke_main)(); // CodeSize=62
 int32_t (post_pgo_initialization)(); // CodeSize=16
 int32_t (pre_c_initialization)(); // CodeSize=178
 void (pre_cpp_initialization)(); // CodeSize=26
 void (__scrt_main_policy::__scrt_main_policy::set_app_type)(); // CodeSize=19
 void (__scrt_file_policy::__scrt_file_policy::set_commode)(); // CodeSize=29
 void (__scrt_file_policy::__scrt_file_policy::set_fmode)(); // CodeSize=21
 uint32_t (mainCRTStartup)(void*); // CodeSize=19
