---
source: resym_core/tests/module_listing.rs
expression: snapshot_data
---
0 C:\Users\Henry\source\repos\symbol_zoo\x64\Debug\symbol_zoo.obj
1 D:\a\_work\1\s\Intermediate\crt\vcstartup\build\xmd\msvcrt_kernel32\msvcrt_kernel32.nativeproj\objd\amd64\stack.obj
2 D:\a\_work\1\s\Intermediate\crt\vcstartup\build\xmd\msvcrt_kernel32\msvcrt_kernel32.nativeproj\objd\amd64\init.obj
3 D:\a\_work\1\s\Intermediate\crt\vcstartup\build\xmd\msvcrt_kernel32\msvcrt_kernel32.nativeproj\objd\amd64\debugger_jmc.obj
4 D:\a\_work\1\s\Intermediate\crt\vcstartup\build\xmd\msvcrt_kernel32\msvcrt_kernel32.nativeproj\objd\amd64\gshandlereh4.obj
5 D:\a\_work\1\s\Intermediate\crt\vcstartup\build\xmd\msvcrt_kernel32\msvcrt_kernel32.nativeproj\objd\amd64\chkstk.obj
6 D:\a\_work\1\s\Intermediate\crt\vcstartup\build\xmd\msvcrt_kernel32\msvcrt_kernel32.nativeproj\objd\amd64\amdsecgs.obj
7 D:\a\_work\1\s\Intermediate\crt\vcstartup\build\xmd\msvcrt_kernel32\msvcrt_kernel32.nativeproj\objd\amd64\std_type_info_static.obj
8 D:\a\_work\1\s\Intermediate\crt\vcstartup\build\xmd\msvcrt_kernel32\msvcrt_kernel32.nativeproj\objd\amd64\gs_cookie.obj
9 D:\a\_work\1\s\Intermediate\crt\vcstartup\build\xmd\msvcrt_kernel32\msvcrt_kernel32.nativeproj\objd\amd64\exe_main.obj
10 D:\a\_work\1\s\Intermediate\crt\vcstartup\build\xmd\msvcrt_kernel32\msvcrt_kernel32.nativeproj\objd\amd64\error.obj
11 D:\a\_work\1\s\Intermediate\crt\vcstartup\build\xmd\msvcrt_kernel32\msvcrt_kernel32.nativeproj\objd\amd64\userapi.obj
12 D:\a\_work\1\s\Intermediate\crt\vcstartup\build\xmd\msvcrt_kernel32\msvcrt_kernel32.nativeproj\objd\amd64\gshandler.obj
13 D:\a\_work\1\s\Intermediate\crt\vcstartup\build\xmd\msvcrt_kernel32\msvcrt_kernel32.nativeproj\objd\amd64\gs_report.obj
14 D:\a\_work\1\s\Intermediate\crt\vcstartup\build\xmd\msvcrt_kernel32\msvcrt_kernel32.nativeproj\objd\amd64\delete_scalar_size.obj
15 D:\a\_work\1\s\Intermediate\crt\vcstartup\build\xmd\msvcrt_kernel32\msvcrt_kernel32.nativeproj\objd\amd64\utility.obj
16 D:\a\_work\1\s\Intermediate\crt\vcstartup\build\xmd\msvcrt_kernel32\msvcrt_kernel32.nativeproj\objd\amd64\gs_support.obj
17 D:\a\_work\1\s\Intermediate\crt\vcstartup\build\xmd\msvcrt_kernel32\msvcrt_kernel32.nativeproj\objd\amd64\matherr.obj
18 D:\a\_work\1\s\Intermediate\crt\vcstartup\build\xmd\msvcrt_kernel32\msvcrt_kernel32.nativeproj\objd\amd64\argv_mode.obj
19 D:\a\_work\1\s\Intermediate\crt\vcstartup\build\xmd\msvcrt_kernel32\msvcrt_kernel32.nativeproj\objd\amd64\commit_mode.obj
20 D:\a\_work\1\s\Intermediate\crt\vcstartup\build\xmd\msvcrt_kernel32\msvcrt_kernel32.nativeproj\objd\amd64\file_mode.obj
21 D:\a\_work\1\s\Intermediate\crt\vcstartup\build\xmd\msvcrt_kernel32\msvcrt_kernel32.nativeproj\objd\amd64\new_mode.obj
22 D:\a\_work\1\s\Intermediate\crt\vcstartup\build\xmd\msvcrt_kernel32\msvcrt_kernel32.nativeproj\objd\amd64\thread_locale.obj
23 D:\a\_work\1\s\Intermediate\crt\vcstartup\build\xmd\msvcrt_kernel32\msvcrt_kernel32.nativeproj\objd\amd64\tncleanup.obj
24 D:\a\_work\1\s\Intermediate\crt\vcstartup\build\xmd\msvcrt_kernel32\msvcrt_kernel32.nativeproj\objd\amd64\env_mode.obj
25 D:\a\_work\1\s\Intermediate\crt\vcstartup\build\xmd\msvcrt_kernel32\msvcrt_kernel32.nativeproj\objd\amd64\invalid_parameter_handler.obj
26 D:\a\_work\1\s\Intermediate\crt\vcstartup\build\xmd\msvcrt_kernel32\msvcrt_kernel32.nativeproj\objd\amd64\denormal_control.obj
27 D:\a\_work\1\s\Intermediate\crt\vcstartup\build\xmd\msvcrt_kernel32\msvcrt_kernel32.nativeproj\objd\amd64\default_local_stdio_options.obj
28 D:\a\_work\1\s\Intermediate\crt\vcstartup\build\xmd\msvcrt_kernel32\msvcrt_kernel32.nativeproj\objd\amd64\matherr_detection.obj
29 D:\a\_work\1\s\Intermediate\crt\vcstartup\build\xmd\msvcrt_kernel32\msvcrt_kernel32.nativeproj\objd\amd64\dyn_tls_init.obj
30 D:\a\_work\1\s\Intermediate\crt\vcstartup\build\xmd\msvcrt_kernel32\msvcrt_kernel32.nativeproj\objd\amd64\dyn_tls_dtor.obj
31 D:\a\_work\1\s\Intermediate\crt\vcstartup\build\xmd\msvcrt_kernel32\msvcrt_kernel32.nativeproj\objd\amd64\utility_desktop.obj
32 D:\a\_work\1\s\Intermediate\crt\vcstartup\build\xmd\msvcrt_kernel32\msvcrt_kernel32.nativeproj\objd\amd64\initsect.obj
33 D:\a\_work\1\s\Intermediate\crt\vcstartup\build\xmd\msvcrt_kernel32\msvcrt_kernel32.nativeproj\objd\amd64\initializers.obj
34 D:\a\_work\1\s\Intermediate\crt\vcstartup\build\xmd\msvcrt_kernel32\msvcrt_kernel32.nativeproj\objd\amd64\guard_support.obj
35 D:\a\_work\1\s\Intermediate\crt\vcstartup\build\xmd\msvcrt_kernel32\msvcrt_kernel32.nativeproj\objd\amd64\pdblkup.obj
36 D:\a\_work\1\s\Intermediate\crt\vcstartup\build\xmd\msvcrt_kernel32\msvcrt_kernel32.nativeproj\objd\amd64\delete_scalar.obj
37 D:\a\_work\1\s\Intermediate\crt\vcstartup\build\xmd\msvcrt_kernel32\msvcrt_kernel32.nativeproj\objd\amd64\cpu_disp.obj
38 D:\a\_work\1\s\Intermediate\crt\vcstartup\build\xmd\msvcrt_kernel32\msvcrt_kernel32.nativeproj\objd\amd64\ucrt_detection.obj
39 D:\a\_work\1\s\Intermediate\crt\vcstartup\build\xmd\msvcrt_kernel32\msvcrt_kernel32.nativeproj\objd\amd64\guard_dispatch.obj
40 D:\a\_work\1\s\Intermediate\crt\vcstartup\build\xmd\msvcrt_kernel32\msvcrt_kernel32.nativeproj\objd\amd64\guard_xfg_dispatch.obj
41 VCRUNTIME140D.dll
42 VCRUNTIME140_1D.dll
43 ucrtbased.dll
44 KERNEL32.dll
45 D:\a\_work\1\s\Intermediate\crt\vcstartup\build\xmd\msvcrt_kernel32\msvcrt_kernel32.nativeproj\objd\amd64\ucrt_stubs.obj
46 D:\a\_work\1\s\Intermediate\crt\vcstartup\build\xmd\msvcrt_kernel32\msvcrt_kernel32.nativeproj\objd\amd64\loadcfg.obj
47 D:\a\_work\1\s\Intermediate\crt\vcruntime\build\base\xmd\vcruntime_kernel32\vcruntime_kernel32.nativeproj\objd\amd64\softmemtag.obj
48 * Linker Generated Manifest RES *
49 Import:KERNEL32.dll
50 Import:VCRUNTIME140_1D.dll
51 Import:VCRUNTIME140D.dll
52 Import:ucrtbased.dll
53 * Linker *
