---
source: resym_core/tests/type_reconstruction.rs
expression: reconstructed_type
---

union resym_test::UnionUnnamedUdtTest1 { /* Size=0x70 */
  struct {
    /* 0x0000 */ public: ULONG i1;
    /* 0x0004 */ public: ULONG i2;
  };
  /* 0x0000 */ public: resym_test::PrimitiveTypesTest s1;
  /* 0x0000 */ public: ULONGLONG QuadPart;
  struct {
    /* 0x0000 */ public: ULONG i11;
    /* 0x0004 */ public: ULONG i22;
  };
};

